<turbo-frame 
  id="main-parts" 
  data-turbo-action="advance" 
  autoscroll 
  data-autoscroll-block="start"
  data-autoscroll-behavior="smooth"
  
>
  <div class="scroll-mt-96">
    
    main_category_name_1

    <div>
      Subcategories
    </div>
    <div class="flex flex-wrap justify-evenly">
      Categories::CategoryComponent
    </div>

    <div class="bg-blue-100">
      Products::IndexComponent
    </div>

    <div>
      <a href="/categories/1/edit">Edit this category</a> |
      <a href="/main_categories">Back to categories</a>

      <form class="button_to" method="post" action="/main_categories/1"><input type="hidden" name="_method" value="delete" autocomplete="off" /><button type="submit">Destroy this category</button></form>
    </div>

  </div>
</turbo-frame>