<turbo-frame 
  id="main-parts" 
  data-turbo-action="advance" 
  autoscroll 
  data-autoscroll-block="start"
  data-autoscroll-behavior="smooth"
  
>
  <div class="scroll-mt-96">
    
    main_category_name_1

    <div>
      Subcategories
    </div>
    <div class="flex flex-wrap justify-evenly">
      Categories::CategoryComponent
    </div>

    <div class="bg-blue-100">
      Products::IndexComponent
    </div>


  </div>
</turbo-frame>