<turbo-frame 
  id="main-parts" 
  data-turbo-action="advance" 
  autoscroll 
  data-autoscroll-block="start"
  data-autoscroll-behavior="smooth"
  
>
  <div class="scroll-mt-96">
        category_name_1

    <div class="bg-blue-100">
      Products::IndexComponent
    </div>


  </div>
</turbo-frame>